$ next build
▲ Next.js 16.3.4 (Turbopack)
- Environments: .env.local
✓ Running next.config.ts took 51ms

  Creating an optimized production build ...
✓ Compiled successfully in 1998ms
  Running TypeScript ...
  Finished TypeScript in 5.0s ...
  Collecting page data using 11 workers ...
  Generating static pages using 11 workers (0/9) ...
  Generating static pages using 11 workers (2/9) 
  Generating static pages using 11 workers (4/9) 
  Generating static pages using 11 workers (6/9) 
✓ Generating static pages using 11 workers (9/9) in 258ms
  Finalizing page optimization ...

Route (app)
┌ ƒ /
├ ○ /_not-found
├ ƒ /api/active-organization
├ ƒ /api/auth-test
├ ƒ /api/invitations/accept
├ ƒ /api/me
├ ƒ /api/organizations
├ ƒ /api/organizations/[organizationId]
├ ƒ /api/organizations/[organizationId]/analytics/overview
├ ƒ /api/organizations/[organizationId]/customers
├ ƒ /api/organizations/[organizationId]/customers/[customerId]
├ ƒ /api/organizations/[organizationId]/customers/[customerId]/archive
├ ƒ /api/organizations/[organizationId]/customers/[customerId]/restore
├ ƒ /api/organizations/[organizationId]/invitations
├ ƒ /api/organizations/[organizationId]/invitations/[invitationId]
├ ƒ /api/organizations/[organizationId]/members
├ ƒ /api/organizations/[organizationId]/members/[membershipId]/role
├ ƒ /api/organizations/[organizationId]/tags
├ ƒ /api/organizations/[organizationId]/tickets
├ ƒ /api/organizations/[organizationId]/tickets/[ticketId]
├ ƒ /api/organizations/[organizationId]/tickets/[ticketId]/assignee
├ ƒ /api/organizations/[organizationId]/tickets/[ticketId]/attachments/[attachmentId]/complete
├ ƒ /api/organizations/[organizationId]/tickets/[ticketId]/attachments/[attachmentId]/download
├ ƒ /api/organizations/[organizationId]/tickets/[ticketId]/attachments/init
├ ƒ /api/organizations/[organizationId]/tickets/[ticketId]/messages
├ ƒ /api/organizations/[organizationId]/tickets/[ticketId]/status
├ ƒ /api/organizations/[organizationId]/tickets/[ticketId]/tags/[tagId]
├ ƒ /api/realtime/token
├ ƒ /app
├ ƒ /app/[organizationId]
├ ƒ /app/[organizationId]/customers
├ ƒ /app/[organizationId]/customers/[customerId]
├ ƒ /app/[organizationId]/dashboard
├ ƒ /app/[organizationId]/team
├ ƒ /app/[organizationId]/tickets/[ticketId]
└ ƒ /invite/[token]


ƒ Proxy (Middleware)

○  (Static)   prerendered as static content
ƒ  (Dynamic)  server-rendered on demand

